OK
OK
OK
OK
 n | f      
---+---------
 1 | 0.99999
 2 | 2.71828
 3 | 3.14159
 n
---
 1
 2
 3
 f      
---------
 0.99999
 2.71828
 3.14159
 ?                 | ?                 | ?                 
-------------------+-------------------+--------------------
 0.99999           | 0.99999           | 0.99999           
 5.43656           | 5.43656           | 1.35914           
 9.424769999999999 | 9.424769999999999 | 1.0471966666666666
