OK
OK
OK
OK
 s      
---------
 "hello"
        
 "world"
