OK
OK
OK
OK
OK
OK
OK
OK
 time                     
---------------------------
 1935-12-30T20:50:47-05:00
 2009-05-10T21:39:19-04:00
 1927-11-05T05:38:35-05:00
 1960-06-30T21:24:07-04:00
 1924-10-24T12:49:33-05:00
 1958-09-19T20:18:11-04:00
 1890-04-14T17:37:15-05:00
 ?                                                   
------------------------------------------------------
 "1935-12-30T20:50:47-05:001935-12-30T20:50:47-05:00"
 "2009-05-10T21:39:19-04:002009-05-10T21:39:19-04:00"
 "1927-11-05T05:38:35-05:001927-11-05T05:38:35-05:00"
 "1960-06-30T21:24:07-04:001960-06-30T21:24:07-04:00"
 "1924-10-24T12:49:33-05:001924-10-24T12:49:33-05:00"
 "1958-09-19T20:18:11-04:001958-09-19T20:18:11-04:00"
 "1890-04-14T17:37:15-05:001890-04-14T17:37:15-05:00"
