OK
OK
OK
OK
OK
 ?  
-----
 6.6
 ? 
----
 31
 ? | ? | ? | ?
---+---+---+---
 3 | 3 | 2 | 4
 ?     | ?                  | ?                 
-------+--------------------+--------------------
 102.3 | 13.750000000000002 | 2.1999999999999997
