OK
OK
OK
OK
 n 
----
 17
 n 
----
 99
 n 
----
 42
 99
 n 
----
 99
 n
---
OK
 n  | s            | f                 | t                         | b    
----+--------------+-------------------+---------------------------+-------
 84 | "hellohello" | 4.140000000000001 | 2009-05-10T21:39:19-04:00 | true 
 99 | "world"      | 0.05              | 2009-05-09T21:39:19-04:00 | false
 34 | "blargblarg" | 10.51             | 2009-05-11T21:39:19-04:00 | true 
